mpif77 -c  -O3 -fdefault-real-8 -x f77-cpp-input -DPTRSIZE8 -DMPI -DLONGINT8 -DUNDERSCORE -DGLOBAL_LONG_LONG -I/home/zz/Nekbone/test/example1 -I/home/zz/Nekbone/src -I./ /home/zz/Nekbone/src/cg.f -o obj/cg.o
mpif77 -c  -O2 -fdefault-real-8 -x f77-cpp-input -DPTRSIZE8 -DMPI -DLONGINT8 -DUNDERSCORE -DGLOBAL_LONG_LONG -I/home/zz/Nekbone/test/example1 -I/home/zz/Nekbone/src -I./ /home/zz/Nekbone/src/driver.f -o obj/driver.o
mpif77 -c  -O3 -fdefault-real-8 -x f77-cpp-input -DPTRSIZE8 -DMPI -DLONGINT8 -DUNDERSCORE -DGLOBAL_LONG_LONG -I/home/zz/Nekbone/test/example1 -I/home/zz/Nekbone/src -I./ /home/zz/Nekbone/src/math.f -o obj/math.o
mpif77 -c  -O2 -fdefault-real-8 -x f77-cpp-input -DPTRSIZE8 -DMPI -DLONGINT8 -DUNDERSCORE -DGLOBAL_LONG_LONG -I/home/zz/Nekbone/test/example1 -I/home/zz/Nekbone/src -I./ /home/zz/Nekbone/src/mxm_wrapper.f -o obj/mxm_wrapper.o 
/home/zz/Nekbone/src/math.f:18:72:

   18 |  100     A(I) = A(I)**2
      |                                                                        1
Warning: Fortran 2018 deleted feature: DO termination statement which is not END DO or CONTINUE with label 100 at (1)
/home/zz/Nekbone/src/math.f:26:72:

   26 |  100     A(I) = SQRT(A(I))
      |                                                                        1
Warning: Fortran 2018 deleted feature: DO termination statement which is not END DO or CONTINUE with label 100 at (1)
/home/zz/Nekbone/src/math.f:145:72:

  145 |  100     A(I ) = 0.0
      |                                                                        1
Warning: Fortran 2018 deleted feature: DO termination statement which is not END DO or CONTINUE with label 100 at (1)
/home/zz/Nekbone/src/math.f:153:72:

  153 |  100     A(I ) = 0
      |                                                                        1
Warning: Fortran 2018 deleted feature: DO termination statement which is not END DO or CONTINUE with label 100 at (1)
/home/zz/Nekbone/src/math.f:160:72:

  160 |  100     A(I ) = 1
      |                                                                        1
Warning: Fortran 2018 deleted feature: DO termination statement which is not END DO or CONTINUE with label 100 at (1)
/home/zz/Nekbone/src/math.f:167:72:

  167 |  100     A(I ) = 1.0
      |                                                                        1
Warning: Fortran 2018 deleted feature: DO termination statement which is not END DO or CONTINUE with label 100 at (1)
/home/zz/Nekbone/src/math.f:175:72:

  175 |  100     A(I) = B
      |                                                                        1
Warning: Fortran 2018 deleted feature: DO termination statement which is not END DO or CONTINUE with label 100 at (1)
/home/zz/Nekbone/src/math.f:183:72:

  183 |  100     IA(I) = IB
      |                                                                        1
Warning: Fortran 2018 deleted feature: DO termination statement which is not END DO or CONTINUE with label 100 at (1)
/home/zz/Nekbone/src/math.f:201:72:

  201 |  100     A(I) = B(I)
      |                                                                        1
Warning: Fortran 2018 deleted feature: DO termination statement which is not END DO or CONTINUE with label 100 at (1)
/home/zz/Nekbone/src/math.f:209:72:

  209 |  100     A(I) = B(I)
      |                                                                        1
Warning: Fortran 2018 deleted feature: DO termination statement which is not END DO or CONTINUE with label 100 at (1)
/home/zz/Nekbone/src/math.f:217:72:

  217 |  100     A(I) = B(I)
      |                                                                        1
Warning: Fortran 2018 deleted feature: DO termination statement which is not END DO or CONTINUE with label 100 at (1)
/home/zz/Nekbone/src/math.f:395:72:

  395 |       DO 200 IY=1,NY
      |                                                                        1
Warning: Fortran 2018 deleted feature: Shared DO termination label 200 at (1)
/home/zz/Nekbone/src/math.f:469:72:

  469 |    30 B(I)=TEMP(I)
      |                                                                        1
Warning: Fortran 2018 deleted feature: DO termination statement which is not END DO or CONTINUE with label 30 at (1)
mpif77 -c  -O2 -fdefault-real-8 -x f77-cpp-input -DPTRSIZE8 -DMPI -DLONGINT8 -DUNDERSCORE -DGLOBAL_LONG_LONG -I/home/zz/Nekbone/test/example1 -I/home/zz/Nekbone/src -I./ /home/zz/Nekbone/src/prox_dssum.f -o obj/prox_dssum.o
/home/zz/Nekbone/src/math.f:1005:72:

 1005 |    30 B(I)=TEMP(I)
      |                                                                        1
Warning: Fortran 2018 deleted feature: DO termination statement which is not END DO or CONTINUE with label 30 at (1)
/home/zz/Nekbone/src/math.f:1043:72:

 1043 |  100     A(I) = A(I) + C
      |                                                                        1
Warning: Fortran 2018 deleted feature: DO termination statement which is not END DO or CONTINUE with label 100 at (1)
/home/zz/Nekbone/src/math.f:1020:72:

 1020 |       call sort(xout,work,n)
      |                                                                        1
Warning: Type mismatch in argument ‘ind’ at (1); passed REAL(8) to INTEGER(4) [-Wargument-mismatch]
/home/zz/Nekbone/src/math.f:1034:21:

 1033 |       DO 100 I=2,N
      |                                                                        2
 1034 |          TSUM=TSUM+A(I)
      |                     1
Warning: Array reference at (1) out of bounds (2 > 1) in loop beginning at (2)
mpif77 -c  -O3 -fdefault-real-8 -x f77-cpp-input -DPTRSIZE8 -DMPI -DLONGINT8 -DUNDERSCORE -DGLOBAL_LONG_LONG -I/home/zz/Nekbone/test/example1 -I/home/zz/Nekbone/src -I./ /home/zz/Nekbone/src/prox_setup.f -o obj/prox_setup.o
mpif77 -c  -O3 -fdefault-real-8 -x f77-cpp-input -DPTRSIZE8 -DMPI -DLONGINT8 -DUNDERSCORE -DGLOBAL_LONG_LONG -I/home/zz/Nekbone/test/example1 -I/home/zz/Nekbone/src -I./ /home/zz/Nekbone/src/semhat.f -o obj/semhat.o
mpif77 -c  -O2 -fdefault-real-8 -x f77-cpp-input -DPTRSIZE8 -DMPI -DLONGINT8 -DUNDERSCORE -DGLOBAL_LONG_LONG -I/home/zz/Nekbone/test/example1 -I/home/zz/Nekbone/src -I./ /home/zz/Nekbone/src/speclib.f -o obj/speclib.o
/home/zz/Nekbone/src/speclib.f:666:72:

  666 |       DO 200 J=1,NZ
      |                                                                        1
Warning: Fortran 2018 deleted feature: Shared DO termination label 200 at (1)
/home/zz/Nekbone/src/speclib.f:700:72:

  700 |       DO 200 J=1,NZ
      |                                                                        1
Warning: Fortran 2018 deleted feature: Shared DO termination label 200 at (1)
/home/zz/Nekbone/src/speclib.f:747:72:

  747 |       DO 200 J=1,NZ
      |                                                                        1
Warning: Fortran 2018 deleted feature: Shared DO termination label 200 at (1)
/home/zz/Nekbone/src/speclib.f:782:72:

  782 |       DO 200 J=1,NZ
      |                                                                        1
Warning: Fortran 2018 deleted feature: Shared DO termination label 200 at (1)
/home/zz/Nekbone/src/speclib.f:824:72:

  824 |       DO 200 J=1,NZ
      |                                                                        1
Warning: Fortran 2018 deleted feature: Shared DO termination label 200 at (1)
/home/zz/Nekbone/src/speclib.f:955:72:

  955 |          DO 10 JQ = 1, NZM1
      |                                                                        1
Warning: Fortran 2018 deleted feature: Shared DO termination label 10 at (1)
/home/zz/Nekbone/src/speclib.f:1008:72:

 1008 |          DO 100 J=1,NPGL
      |                                                                        1
Warning: Fortran 2018 deleted feature: Shared DO termination label 100 at (1)
/home/zz/Nekbone/src/speclib.f:1016:72:

 1016 |       DO 300 J=1,NPGL
      |                                                                        1
Warning: Fortran 2018 deleted feature: Shared DO termination label 300 at (1)
/home/zz/Nekbone/src/speclib.f:1057:72:

 1057 |       DO 100 J=1,NPGL
      |                                                                        1
Warning: Fortran 2018 deleted feature: Shared DO termination label 100 at (1)
/home/zz/Nekbone/src/speclib.f:1094:72:

 1094 |          DO 10 J=1,NZ1
      |                                                                        1
Warning: Fortran 2018 deleted feature: Shared DO termination label 10 at (1)
/home/zz/Nekbone/src/speclib.f:1119:72:

 1119 |          DO 10 J=1,NZ1
      |                                                                        1
Warning: Fortran 2018 deleted feature: Shared DO termination label 10 at (1)
/home/zz/Nekbone/src/speclib.f:1145:72:

 1145 |          DO 10 J=1,NZ1
      |                                                                        1
Warning: Fortran 2018 deleted feature: Shared DO termination label 10 at (1)
/home/zz/Nekbone/src/speclib.f:1171:72:

 1171 |          DO 10 J=1,NZ1
      |                                                                        1
Warning: Fortran 2018 deleted feature: Shared DO termination label 10 at (1)
mpif77 -c  -O2 -fdefault-real-8 -x f77-cpp-input -DPTRSIZE8 -DMPI -DLONGINT8 -DUNDERSCORE -DGLOBAL_LONG_LONG -I/home/zz/Nekbone/test/example1 -I/home/zz/Nekbone/src -I./ /home/zz/Nekbone/src/delay_dum.f -o obj/delay_dum.o
mpif77 -c  -O2 -fdefault-real-8 -x f77-cpp-input -DPTRSIZE8 -DMPI -DLONGINT8 -DUNDERSCORE -DGLOBAL_LONG_LONG -I/home/zz/Nekbone/test/example1 -I/home/zz/Nekbone/src -I./ /home/zz/Nekbone/src/hsmg_dum.f -o obj/hsmg_dum.o
mpif77 -c  -O2 -fdefault-real-8 -x f77-cpp-input -DPTRSIZE8 -DMPI -DLONGINT8 -DUNDERSCORE -DGLOBAL_LONG_LONG -I/home/zz/Nekbone/test/example1 -I/home/zz/Nekbone/src -I./ /home/zz/Nekbone/src/comm_mpi.f -o obj/comm_mpi.o
mpif77 -c  -O3 -fdefault-real-8 -x f77-cpp-input -DPTRSIZE8 -DMPI -DLONGINT8 -DUNDERSCORE -DGLOBAL_LONG_LONG -I/home/zz/Nekbone/test/example1 -I/home/zz/Nekbone/src -I./ /home/zz/Nekbone/src/mxm_std.f -o obj/mxm_std.o
/home/zz/Nekbone/src/mxm_std.f:1172:72:

 1172 |          DO 100 K=1,N2
      |                                                                        1
Warning: Fortran 2018 deleted feature: Shared DO termination label 100 at (1)
/home/zz/Nekbone/src/mxm_std.f:1174:72:

 1174 |          DO 100 I=1,N1
      |                                                                        1
Warning: Fortran 2018 deleted feature: Shared DO termination label 100 at (1)
/home/zz/Nekbone/src/mxm_std.f:1195:72:

 1195 |             DO 100 K=1,N2
      |                                                                        1
Warning: Fortran 2018 deleted feature: Shared DO termination label 100 at (1)
/home/zz/Nekbone/src/mxm_std.f:1274:72:

 1274 |          DO 100 K=1,N2
      |                                                                        1
Warning: Fortran 2018 deleted feature: Shared DO termination label 100 at (1)
/home/zz/Nekbone/src/mxm_std.f:1276:72:

 1276 |          DO 100 I=1,N1
      |                                                                        1
Warning: Fortran 2018 deleted feature: Shared DO termination label 100 at (1)
/home/zz/Nekbone/src/mxm_std.f:1631:72:

 1631 |          DO 100 K=1,N2
      |                                                                        1
Warning: Fortran 2018 deleted feature: Shared DO termination label 100 at (1)
/home/zz/Nekbone/src/mxm_std.f:1633:72:

 1633 |          DO 100 I=1,N1
      |                                                                        1
Warning: Fortran 2018 deleted feature: Shared DO termination label 100 at (1)
/home/zz/Nekbone/src/mxm_std.f:1150:29:

 1145 |       do i=1,n-1
      |                                                                        2
......
 1150 |          a(i) = -.25*(a(i)+a(i+1)) + (x*x + k + l)/(x*x+m)
      |                             1
Warning: Array reference at (1) out of bounds (2 > 1) in loop beginning at (2)
/home/zz/Nekbone/src/mxm_std.f:1151:29:

 1145 |       do i=1,n-1
      |                                                                        2
......
 1151 |          b(i) = -.25*(b(i)+b(i+1)) + (x*x + k + m)/(x*x+l)
      |                             1
Warning: Array reference at (1) out of bounds (2 > 1) in loop beginning at (2)
mpif77 -c  -O0      -DPTRSIZE8 -DMPI -DLONGINT8 -DUNDERSCORE -DGLOBAL_LONG_LONG -I/home/zz/Nekbone/test/example1 -I/home/zz/Nekbone/src -I./ /home/zz/Nekbone/src/blas.f -o obj/blas.o
mpicc -c  -O2 -DPTRSIZE8 -DMPI -DLONGINT8 -DUNDERSCORE -DGLOBAL_LONG_LONG  -DPREFIX=jl_ /home/zz/Nekbone/src/jl/gs.c -o obj/jl_gs.o
/home/zz/Nekbone/src/blas.f:9584:72:

 9584 |                IF(DFLAG) 50,10,30
      |                                                                        1
Warning: Fortran 2018 deleted feature: Arithmetic IF statement at (1)
/home/zz/Nekbone/src/blas.f:9623:72:

 9623 |           IF(DFLAG)120,80,100
      |                                                                        1
Warning: Fortran 2018 deleted feature: Arithmetic IF statement at (1)
/home/zz/Nekbone/src/blas.f:9764:15:

 9764 |       GO TO IGO,(120,150,180,210)
      |               1
Warning: Deleted feature: Assigned GOTO statement at (1)
/home/zz/Nekbone/src/blas.f:9770:72:

 9770 |                ASSIGN 120 TO IGO
      |                                                                        1
Warning: Deleted feature: ASSIGN statement at (1)
/home/zz/Nekbone/src/blas.f:9782:72:

 9782 |                ASSIGN 150 TO IGO
      |                                                                        1
Warning: Deleted feature: ASSIGN statement at (1)
/home/zz/Nekbone/src/blas.f:9795:72:

 9795 |                ASSIGN 180 TO IGO
      |                                                                        1
Warning: Deleted feature: ASSIGN statement at (1)
/home/zz/Nekbone/src/blas.f:9806:72:

 9806 |                ASSIGN 210 TO IGO
      |                                                                        1
Warning: Deleted feature: ASSIGN statement at (1)
/home/zz/Nekbone/src/blas.f:9815:72:

 9815 |           IF(DFLAG)250,230,240
      |                                                                        1
Warning: Fortran 2018 deleted feature: Arithmetic IF statement at (1)
/home/zz/Nekbone/src/blas.f:17100:72:

17100 |                IF(SFLAG) 50,10,30
      |                                                                        1
Warning: Fortran 2018 deleted feature: Arithmetic IF statement at (1)
/home/zz/Nekbone/src/blas.f:17139:72:

17139 |           IF(SFLAG)120,80,100
      |                                                                        1
Warning: Fortran 2018 deleted feature: Arithmetic IF statement at (1)
/home/zz/Nekbone/src/blas.f:17277:15:

17277 |       GO TO IGO,(120,150,180,210)
      |               1
Warning: Deleted feature: Assigned GOTO statement at (1)
/home/zz/Nekbone/src/blas.f:17283:72:

17283 |                ASSIGN 120 TO IGO
      |                                                                        1
Warning: Deleted feature: ASSIGN statement at (1)
/home/zz/Nekbone/src/blas.f:17295:72:

17295 |                ASSIGN 150 TO IGO
      |                                                                        1
Warning: Deleted feature: ASSIGN statement at (1)
/home/zz/Nekbone/src/blas.f:17308:72:

17308 |                ASSIGN 180 TO IGO
      |                                                                        1
Warning: Deleted feature: ASSIGN statement at (1)
/home/zz/Nekbone/src/blas.f:17319:72:

17319 |                ASSIGN 210 TO IGO
      |                                                                        1
Warning: Deleted feature: ASSIGN statement at (1)
/home/zz/Nekbone/src/blas.f:17328:72:

17328 |           IF(SFLAG)250,230,240
      |                                                                        1
Warning: Fortran 2018 deleted feature: Arithmetic IF statement at (1)
mpicc -c  -O2 -DPTRSIZE8 -DMPI -DLONGINT8 -DUNDERSCORE -DGLOBAL_LONG_LONG  -DPREFIX=jl_ /home/zz/Nekbone/src/jl/sort.c -o obj/jl_sort.o
mpicc -c  -O2 -DPTRSIZE8 -DMPI -DLONGINT8 -DUNDERSCORE -DGLOBAL_LONG_LONG  -DPREFIX=jl_ /home/zz/Nekbone/src/jl/sarray_transfer.c -o obj/jl_sarray_transfer.o
mpicc -c  -O2 -DPTRSIZE8 -DMPI -DLONGINT8 -DUNDERSCORE -DGLOBAL_LONG_LONG  -DPREFIX=jl_ /home/zz/Nekbone/src/jl/sarray_sort.c -o obj/jl_sarray_sort.o
mpicc -c  -O2 -DPTRSIZE8 -DMPI -DLONGINT8 -DUNDERSCORE -DGLOBAL_LONG_LONG  -DPREFIX=jl_ /home/zz/Nekbone/src/jl/gs_local.c -o obj/jl_gs_local.o
mpicc -c  -O2 -DPTRSIZE8 -DMPI -DLONGINT8 -DUNDERSCORE -DGLOBAL_LONG_LONG  -DPREFIX=jl_ /home/zz/Nekbone/src/jl/crystal.c -o obj/jl_crystal.o
mpicc -c  -O2 -DPTRSIZE8 -DMPI -DLONGINT8 -DUNDERSCORE -DGLOBAL_LONG_LONG  -DPREFIX=jl_ /home/zz/Nekbone/src/jl/comm.c -o obj/jl_comm.o
/home/zz/Nekbone/src/comm_mpi.f:287:72:

  287 |       call bcast(item,isize)
      |                                                                        1
Warning: Type mismatch in argument ‘buf’ at (1); passed INTEGER(4) to REAL(4) [-Wargument-mismatch]
mpicc -c  -O2 -DPTRSIZE8 -DMPI -DLONGINT8 -DUNDERSCORE -DGLOBAL_LONG_LONG  -DPREFIX=jl_ /home/zz/Nekbone/src/jl/tensor.c -o obj/jl_tensor.o
mpicc -c  -O2 -DPTRSIZE8 -DMPI -DLONGINT8 -DUNDERSCORE -DGLOBAL_LONG_LONG  -DPREFIX=jl_ /home/zz/Nekbone/src/jl/fail.c -o obj/jl_fail.o
/home/zz/Nekbone/src/comm_mpi.f:994:72:

  994 |             call crecv(type,w,bytes)
      |                                                                        1
Warning: Type mismatch in argument ‘buf’ at (1); passed REAL(8) to REAL(4) [-Wargument-mismatch]
/home/zz/Nekbone/src/comm_mpi.f:1016:72:

 1016 |       if (nid .ne. 0) call csend(type,x,bytes,parent,nullpid)
      |                                                                        1
Warning: Type mismatch in argument ‘buf’ at (1); passed REAL(8) to REAL(4) [-Wargument-mismatch]
/home/zz/Nekbone/src/comm_mpi.f:1027:72:

 1027 |            call csend(typer,x,bytes,jnid,nullpid)
      |                                                                        1
Warning: Type mismatch in argument ‘mtype’ at (1); passed REAL(8) to INTEGER(4) [-Wargument-mismatch]
/home/zz/Nekbone/src/comm_mpi.f:1029:72:

 1029 |            call crecv(typer,x,bytes)
      |                                                                        1
Warning: Type mismatch in argument ‘mtype’ at (1); passed REAL(8) to INTEGER(4) [-Wargument-mismatch]
mpicc -c  -O2 -DPTRSIZE8 -DMPI -DLONGINT8 -DUNDERSCORE -DGLOBAL_LONG_LONG  -DPREFIX=jl_ /home/zz/Nekbone/src/jl/fcrystal.c -o obj/jl_fcrystal.o
/home/zz/Nekbone/src/comm_mpi.f:772:15:

  772 |       call gop(tmsg,t1,'+  ',1)
      |               1
Warning: Rank mismatch in argument ‘x’ at (1) (rank-1 and scalar) [-Wargument-mismatch]
/home/zz/Nekbone/src/comm_mpi.f:777:16:

  777 |          msg  = irecv(1,y,1)
      |                1
Warning: Type mismatch in argument ‘x’ at (1); passed REAL(8) to INTEGER(4) [-Wargument-mismatch]
/home/zz/Nekbone/src/comm_mpi.f:778:72:

  778 |          call csend(1,x,1,nodeb,0)   ! Initiate send, to synch.
      |                                                                        1
Warning: Type mismatch in argument ‘buf’ at (1); passed REAL(8) to REAL(4) [-Wargument-mismatch]
/home/zz/Nekbone/src/comm_mpi.f:783:19:

  783 |             msg  = irecv(i,y,len)
      |                   1
Warning: Type mismatch in argument ‘x’ at (1); passed REAL(8) to INTEGER(4) [-Wargument-mismatch]
/home/zz/Nekbone/src/comm_mpi.f:784:72:

  784 |             call csend(i,x,len,nodeb,0)
      |                                                                        1
Warning: Type mismatch in argument ‘buf’ at (1); passed REAL(8) to REAL(4) [-Wargument-mismatch]
/home/zz/Nekbone/src/comm_mpi.f:793:72:

  793 |          call crecv(1,y,1)           ! Initiate send, to synch.
      |                                                                        1
Warning: Type mismatch in argument ‘buf’ at (1); passed REAL(8) to REAL(4) [-Wargument-mismatch]
/home/zz/Nekbone/src/comm_mpi.f:794:72:

  794 |          call csend(1,x,1,nodea,0)
      |                                                                        1
Warning: Type mismatch in argument ‘buf’ at (1); passed REAL(8) to REAL(4) [-Wargument-mismatch]
/home/zz/Nekbone/src/comm_mpi.f:798:72:

  798 |             call crecv(i,y,len)
      |                                                                        1
Warning: Type mismatch in argument ‘buf’ at (1); passed REAL(8) to REAL(4) [-Wargument-mismatch]
/home/zz/Nekbone/src/comm_mpi.f:799:72:

  799 |             call csend(i,x,len,nodea,0)
      |                                                                        1
Warning: Type mismatch in argument ‘buf’ at (1); passed REAL(8) to REAL(4) [-Wargument-mismatch]
/home/zz/Nekbone/src/comm_mpi.f:807:15:

  807 |       call gop(tmsg,t1,'+  ',1)
      |               1
Warning: Rank mismatch in argument ‘x’ at (1) (rank-1 and scalar) [-Wargument-mismatch]
/home/zz/Nekbone/src/comm_mpi.f:701:19:

  701 |             msg  = irecv(itest,y,1)
      |                   1
Warning: Type mismatch in argument ‘x’ at (1); passed REAL(8) to INTEGER(4) [-Wargument-mismatch]
/home/zz/Nekbone/src/comm_mpi.f:702:72:

  702 |             call csend(itest,x,1,nodeb,0)   ! Initiate send, to synch.
      |                                                                        1
Warning: Type mismatch in argument ‘buf’ at (1); passed REAL(8) to REAL(4) [-Wargument-mismatch]
/home/zz/Nekbone/src/comm_mpi.f:729:72:

  729 |             call crecv(itest,y,1)           ! Initiate send, to synch.
      |                                                                        1
Warning: Type mismatch in argument ‘buf’ at (1); passed REAL(8) to REAL(4) [-Wargument-mismatch]
/home/zz/Nekbone/src/comm_mpi.f:730:72:

  730 |             call csend(itest,x,1,nodea,0)
      |                                                                        1
Warning: Type mismatch in argument ‘buf’ at (1); passed REAL(8) to REAL(4) [-Wargument-mismatch]
mpicc -c  -O2 -DPTRSIZE8 -DMPI -DLONGINT8 -DUNDERSCORE -DGLOBAL_LONG_LONG  -DPREFIX=jl_ /home/zz/Nekbone/src/jl/sleep.c -o obj/jl_sleep.o
mpif77 -o nekbone  obj/cg.o obj/driver.o obj/math.o obj/mxm_wrapper.o obj/prox_dssum.o obj/prox_setup.o obj/semhat.o obj/speclib.o obj/delay_dum.o obj/hsmg_dum.o obj/comm_mpi.o obj/mxm_std.o obj/blas.o obj/jl_gs.o obj/jl_sort.o obj/jl_sarray_transfer.o obj/jl_sarray_sort.o obj/jl_gs_local.o obj/jl_crystal.o obj/jl_comm.o obj/jl_tensor.o obj/jl_fail.o obj/jl_fcrystal.o obj/jl_sleep.o 
#############################################################
#                  Compilation successful!                  #
#############################################################
   text	   data	    bss	    dec	    hex	filename
 776652	   1620	354629504	355407776	152f17a0	nekbone

